../Core/Src/main.c:78:6:HAL_TIM_IC_CaptureCallback	16	static
../Core/Src/main.c:181:6:MPU6050_Init	32	static
../Core/Src/main.c:211:6:MPU6050_Read	40	static
../Core/Src/main.c:236:6:offset_calculate	16	static
../Core/Src/main.c:316:6:KalmanFilterX	24	static
../Core/Src/main.c:321:7:updateEstimateX	32	static
../Core/Src/main.c:336:6:KalmanFilterY	24	static
../Core/Src/main.c:341:7:updateEstimateY	32	static
../Core/Src/main.c:357:6:KalmanFilterGX	24	static
../Core/Src/main.c:362:7:updateEstimateGX	32	static
../Core/Src/main.c:378:6:KalmanFilterGY	24	static
../Core/Src/main.c:383:7:updateEstimateGY	32	static
../Core/Src/main.c:399:6:KalmanFilterGZ	24	static
../Core/Src/main.c:404:7:updateEstimateGZ	32	static
../Core/Src/main.c:420:6:Kalman_esc1	24	static
../Core/Src/main.c:425:7:update_esc1	32	static
../Core/Src/main.c:442:6:Kalman_esc2	24	static
../Core/Src/main.c:447:7:update_esc2	32	static
../Core/Src/main.c:464:6:Kalman_esc3	24	static
../Core/Src/main.c:469:7:update_esc3	32	static
../Core/Src/main.c:486:6:Kalman_esc4	24	static
../Core/Src/main.c:491:7:update_esc4	32	static
../Core/Src/main.c:508:5:main	32	static
../Core/Src/main.c:822:6:SystemClock_Config	72	static
../Core/Src/main.c:859:13:MX_I2C1_Init	8	static
../Core/Src/main.c:891:13:MX_TIM2_Init	32	static
../Core/Src/main.c:945:13:MX_TIM3_Init	64	static
../Core/Src/main.c:1004:13:MX_TIM4_Init	64	static
../Core/Src/main.c:1063:13:MX_GPIO_Init	40	static
../Core/Src/main.c:1092:6:Error_Handler	4	static,ignoring_inline_asm
